// Jest Snapshot v1, https://goo.gl/fbAQLP

exports[`ColumnView Component UI Render Test should render with the Container component 1`] = `
<div
  className="column"
>
  <Container
    type="row"
    views={Object {}}
  />
</div>
`;
